[0.013s] Invoking command in '/home/a-tamby/experiment_grinding_nose/sensors_experiment/build/net_ft_description': CMAKE_PREFIX_PATH=/opt/ros/humble /usr/bin/cmake /home/a-tamby/experiment_grinding_nose/sensors_experiment/src/ros2_net_ft_driver/net_ft_description -DAMENT_CMAKE_SYMLINK_INSTALL=1 -DCMAKE_INSTALL_PREFIX=/home/a-tamby/experiment_grinding_nose/sensors_experiment/install/net_ft_description
[0.062s] -- The C compiler identification is GNU 11.4.0
[0.098s] -- The CXX compiler identification is GNU 11.4.0
[0.105s] -- Detecting C compiler ABI info
[0.148s] -- Detecting C compiler ABI info - done
[0.152s] -- Check for working C compiler: /usr/bin/cc - skipped
[0.153s] -- Detecting C compile features
[0.153s] -- Detecting C compile features - done
[0.155s] -- Detecting CXX compiler ABI info
[0.207s] -- Detecting CXX compiler ABI info - done
[0.212s] -- Check for working CXX compiler: /usr/bin/c++ - skipped
[0.212s] -- Detecting CXX compile features
[0.213s] -- Detecting CXX compile features - done
[0.215s] -- Found ament_cmake: 1.3.11 (/opt/ros/humble/share/ament_cmake/cmake)
[0.325s] -- Found Python3: /usr/bin/python3 (found version "3.10.12") found components: Interpreter 
[0.364s] -- Override CMake install command with custom implementation using symlinks instead of copying resources
[0.436s] -- Configuring done
[0.438s] -- Generating done
[0.439s] -- Build files have been written to: /home/a-tamby/experiment_grinding_nose/sensors_experiment/build/net_ft_description
[0.443s] Invoked command in '/home/a-tamby/experiment_grinding_nose/sensors_experiment/build/net_ft_description' returned '0': CMAKE_PREFIX_PATH=/opt/ros/humble /usr/bin/cmake /home/a-tamby/experiment_grinding_nose/sensors_experiment/src/ros2_net_ft_driver/net_ft_description -DAMENT_CMAKE_SYMLINK_INSTALL=1 -DCMAKE_INSTALL_PREFIX=/home/a-tamby/experiment_grinding_nose/sensors_experiment/install/net_ft_description
[0.444s] Invoking command in '/home/a-tamby/experiment_grinding_nose/sensors_experiment/build/net_ft_description': CMAKE_PREFIX_PATH=/opt/ros/humble /usr/bin/cmake --build /home/a-tamby/experiment_grinding_nose/sensors_experiment/build/net_ft_description -- -j20 -l20
[0.469s] Invoked command in '/home/a-tamby/experiment_grinding_nose/sensors_experiment/build/net_ft_description' returned '0': CMAKE_PREFIX_PATH=/opt/ros/humble /usr/bin/cmake --build /home/a-tamby/experiment_grinding_nose/sensors_experiment/build/net_ft_description -- -j20 -l20
[0.476s] Invoking command in '/home/a-tamby/experiment_grinding_nose/sensors_experiment/build/net_ft_description': CMAKE_PREFIX_PATH=/opt/ros/humble /usr/bin/cmake --install /home/a-tamby/experiment_grinding_nose/sensors_experiment/build/net_ft_description
[0.481s] -- Install configuration: ""
[0.481s] -- Execute custom install script
[0.482s] -- Symlinking: /home/a-tamby/experiment_grinding_nose/sensors_experiment/install/net_ft_description/share/net_ft_description/urdf/net_ft_sensor.ros2_control.xacro
[0.488s] -- Symlinking: /home/a-tamby/experiment_grinding_nose/sensors_experiment/install/net_ft_description/share/net_ft_description/urdf/net_ft_sensor.urdf.xacro
[0.492s] -- Symlinking: /home/a-tamby/experiment_grinding_nose/sensors_experiment/install/net_ft_description/share/net_ft_description/urdf/net_ft_sensor_macro.urdf.xacro
[0.497s] -- Symlinking: /home/a-tamby/experiment_grinding_nose/sensors_experiment/install/net_ft_description/share/net_ft_description/meshes/collision/ati_axia80_ft_sensor.stl
[0.502s] -- Symlinking: /home/a-tamby/experiment_grinding_nose/sensors_experiment/install/net_ft_description/share/net_ft_description/meshes/collision/ati_gamma_ip65_ft_sensor.stl
[0.506s] -- Symlinking: /home/a-tamby/experiment_grinding_nose/sensors_experiment/install/net_ft_description/share/net_ft_description/meshes/collision/onrobot_hexe_v2_ft_sensor.stl
[0.512s] -- Symlinking: /home/a-tamby/experiment_grinding_nose/sensors_experiment/install/net_ft_description/share/net_ft_description/meshes/visual/ati_axia80_ft_sensor.dae
[0.518s] -- Symlinking: /home/a-tamby/experiment_grinding_nose/sensors_experiment/install/net_ft_description/share/net_ft_description/meshes/visual/ati_gamma_ip65_ft_sensor.dae
[0.523s] -- Symlinking: /home/a-tamby/experiment_grinding_nose/sensors_experiment/install/net_ft_description/share/net_ft_description/meshes/visual/onrobot_hexe_v2_ft_sensor.dae
[0.529s] -- Symlinking: /home/a-tamby/experiment_grinding_nose/sensors_experiment/install/net_ft_description/share/ament_index/resource_index/package_run_dependencies/net_ft_description
[0.536s] -- Symlinking: /home/a-tamby/experiment_grinding_nose/sensors_experiment/install/net_ft_description/share/ament_index/resource_index/parent_prefix_path/net_ft_description
[0.540s] -- Symlinking: /home/a-tamby/experiment_grinding_nose/sensors_experiment/install/net_ft_description/share/net_ft_description/environment/ament_prefix_path.sh
[0.545s] -- Symlinking: /home/a-tamby/experiment_grinding_nose/sensors_experiment/install/net_ft_description/share/net_ft_description/environment/ament_prefix_path.dsv
[0.550s] -- Symlinking: /home/a-tamby/experiment_grinding_nose/sensors_experiment/install/net_ft_description/share/net_ft_description/environment/path.sh
[0.555s] -- Symlinking: /home/a-tamby/experiment_grinding_nose/sensors_experiment/install/net_ft_description/share/net_ft_description/environment/path.dsv
[0.560s] -- Symlinking: /home/a-tamby/experiment_grinding_nose/sensors_experiment/install/net_ft_description/share/net_ft_description/local_setup.bash
[0.565s] -- Symlinking: /home/a-tamby/experiment_grinding_nose/sensors_experiment/install/net_ft_description/share/net_ft_description/local_setup.sh
[0.570s] -- Symlinking: /home/a-tamby/experiment_grinding_nose/sensors_experiment/install/net_ft_description/share/net_ft_description/local_setup.zsh
[0.574s] -- Symlinking: /home/a-tamby/experiment_grinding_nose/sensors_experiment/install/net_ft_description/share/net_ft_description/local_setup.dsv
[0.579s] -- Symlinking: /home/a-tamby/experiment_grinding_nose/sensors_experiment/install/net_ft_description/share/net_ft_description/package.dsv
[0.585s] -- Symlinking: /home/a-tamby/experiment_grinding_nose/sensors_experiment/install/net_ft_description/share/ament_index/resource_index/packages/net_ft_description
[0.589s] -- Symlinking: /home/a-tamby/experiment_grinding_nose/sensors_experiment/install/net_ft_description/share/net_ft_description/cmake/net_ft_descriptionConfig.cmake
[0.594s] -- Symlinking: /home/a-tamby/experiment_grinding_nose/sensors_experiment/install/net_ft_description/share/net_ft_description/cmake/net_ft_descriptionConfig-version.cmake
[0.599s] -- Symlinking: /home/a-tamby/experiment_grinding_nose/sensors_experiment/install/net_ft_description/share/net_ft_description/package.xml
[0.606s] Invoked command in '/home/a-tamby/experiment_grinding_nose/sensors_experiment/build/net_ft_description' returned '0': CMAKE_PREFIX_PATH=/opt/ros/humble /usr/bin/cmake --install /home/a-tamby/experiment_grinding_nose/sensors_experiment/build/net_ft_description
