[0.012s] Invoking command in '/home/a-tamby/experiment_grinding_nose/sensors_experiment/build/net_ft_diagnostic_broadcaster': CMAKE_PREFIX_PATH=/opt/ros/humble /usr/bin/cmake /home/a-tamby/experiment_grinding_nose/sensors_experiment/src/ros2_net_ft_driver/net_ft_diagnostic_broadcaster -DAMENT_CMAKE_SYMLINK_INSTALL=1 -DCMAKE_INSTALL_PREFIX=/home/a-tamby/experiment_grinding_nose/sensors_experiment/install/net_ft_diagnostic_broadcaster
[0.061s] -- The C compiler identification is GNU 11.4.0
[0.095s] -- The CXX compiler identification is GNU 11.4.0
[0.102s] -- Detecting C compiler ABI info
[0.145s] -- Detecting C compiler ABI info - done
[0.150s] -- Check for working C compiler: /usr/bin/cc - skipped
[0.150s] -- Detecting C compile features
[0.150s] -- Detecting C compile features - done
[0.153s] -- Detecting CXX compiler ABI info
[0.206s] -- Detecting CXX compiler ABI info - done
[0.210s] -- Check for working CXX compiler: /usr/bin/c++ - skipped
[0.210s] -- Detecting CXX compile features
[0.211s] -- Detecting CXX compile features - done
[0.212s] -- Found ament_cmake: 1.3.11 (/opt/ros/humble/share/ament_cmake/cmake)
[0.308s] -- Found Python3: /usr/bin/python3 (found version "3.10.12") found components: Interpreter 
[0.354s] -- Override CMake install command with custom implementation using symlinks instead of copying resources
[0.376s] -- Found controller_interface: 2.48.0 (/opt/ros/humble/share/controller_interface/cmake)
[0.412s] -- Found rosidl_generator_c: 3.1.6 (/opt/ros/humble/share/rosidl_generator_c/cmake)
[0.417s] -- Found rosidl_adapter: 3.1.6 (/opt/ros/humble/share/rosidl_adapter/cmake)
[0.426s] -- Found rosidl_generator_cpp: 3.1.6 (/opt/ros/humble/share/rosidl_generator_cpp/cmake)
[0.435s] -- Using all available rosidl_typesupport_c: rosidl_typesupport_fastrtps_c;rosidl_typesupport_introspection_c
[0.446s] -- Using all available rosidl_typesupport_cpp: rosidl_typesupport_fastrtps_cpp;rosidl_typesupport_introspection_cpp
[0.582s] -- Found rmw_implementation_cmake: 6.1.2 (/opt/ros/humble/share/rmw_implementation_cmake/cmake)
[0.583s] -- Found rmw_fastrtps_cpp: 6.2.7 (/opt/ros/humble/share/rmw_fastrtps_cpp/cmake)
[0.597s] -- Found TinyXML2 via Config file: TinyXML2_DIR-NOTFOUND
[0.633s] -- Found OpenSSL: /usr/lib/x86_64-linux-gnu/libcrypto.so (found version "3.0.2")  
[0.635s] -- Found TinyXML2 via Config file: TinyXML2_DIR-NOTFOUND
[0.644s] -- Found FastRTPS: /opt/ros/humble/include  
[0.646s] -- Found TinyXML2 via Config file: TinyXML2_DIR-NOTFOUND
[0.653s] -- Found TinyXML2 via Config file: TinyXML2_DIR-NOTFOUND
[0.660s] -- Using RMW implementation 'rmw_fastrtps_cpp' as default
[0.664s] -- Looking for pthread.h
[0.711s] -- Looking for pthread.h - found
[0.711s] -- Performing Test CMAKE_HAVE_LIBC_PTHREAD
[0.763s] -- Performing Test CMAKE_HAVE_LIBC_PTHREAD - Success
[0.763s] -- Found Threads: TRUE  
[0.793s] -- Found diagnostic_msgs: 4.2.4 (/opt/ros/humble/share/diagnostic_msgs/cmake)
[0.803s] -- Found diagnostic_updater: 4.0.2 (/opt/ros/humble/share/diagnostic_updater/cmake)
[0.854s] -- Configuring done
[0.868s] -- Generating done
[0.871s] -- Build files have been written to: /home/a-tamby/experiment_grinding_nose/sensors_experiment/build/net_ft_diagnostic_broadcaster
[0.877s] Invoked command in '/home/a-tamby/experiment_grinding_nose/sensors_experiment/build/net_ft_diagnostic_broadcaster' returned '0': CMAKE_PREFIX_PATH=/opt/ros/humble /usr/bin/cmake /home/a-tamby/experiment_grinding_nose/sensors_experiment/src/ros2_net_ft_driver/net_ft_diagnostic_broadcaster -DAMENT_CMAKE_SYMLINK_INSTALL=1 -DCMAKE_INSTALL_PREFIX=/home/a-tamby/experiment_grinding_nose/sensors_experiment/install/net_ft_diagnostic_broadcaster
[0.878s] Invoking command in '/home/a-tamby/experiment_grinding_nose/sensors_experiment/build/net_ft_diagnostic_broadcaster': CMAKE_PREFIX_PATH=/opt/ros/humble /usr/bin/cmake --build /home/a-tamby/experiment_grinding_nose/sensors_experiment/build/net_ft_diagnostic_broadcaster -- -j20 -l20
[0.910s] [ 50%] [32mBuilding CXX object CMakeFiles/net_ft_diagnostic_broadcaster.dir/src/net_ft_diagnostic_broadcaster.cpp.o[0m
[3.572s] [100%] [32m[1mLinking CXX shared library libnet_ft_diagnostic_broadcaster.so[0m
[3.730s] [100%] Built target net_ft_diagnostic_broadcaster
[3.737s] Invoked command in '/home/a-tamby/experiment_grinding_nose/sensors_experiment/build/net_ft_diagnostic_broadcaster' returned '0': CMAKE_PREFIX_PATH=/opt/ros/humble /usr/bin/cmake --build /home/a-tamby/experiment_grinding_nose/sensors_experiment/build/net_ft_diagnostic_broadcaster -- -j20 -l20
[3.739s] Invoking command in '/home/a-tamby/experiment_grinding_nose/sensors_experiment/build/net_ft_diagnostic_broadcaster': CMAKE_PREFIX_PATH=/opt/ros/humble /usr/bin/cmake --install /home/a-tamby/experiment_grinding_nose/sensors_experiment/build/net_ft_diagnostic_broadcaster
[3.743s] -- Install configuration: ""
[3.743s] -- Execute custom install script
[3.743s] -- Symlinking: /home/a-tamby/experiment_grinding_nose/sensors_experiment/install/net_ft_diagnostic_broadcaster/share/net_ft_diagnostic_broadcaster//controller_plugins.xml
[3.749s] -- Symlinking: /home/a-tamby/experiment_grinding_nose/sensors_experiment/install/net_ft_diagnostic_broadcaster/lib/libnet_ft_diagnostic_broadcaster.so
[3.754s] -- Symlinking: /home/a-tamby/experiment_grinding_nose/sensors_experiment/install/net_ft_diagnostic_broadcaster/include/net_ft_diagnostic_broadcaster/net_ft_diagnostic_broadcaster.hpp
[3.759s] -- Up-to-date symlink: /home/a-tamby/experiment_grinding_nose/sensors_experiment/install/net_ft_diagnostic_broadcaster/share/net_ft_diagnostic_broadcaster/controller_plugins.xml
[3.759s] -- Symlinking: /home/a-tamby/experiment_grinding_nose/sensors_experiment/install/net_ft_diagnostic_broadcaster/share/net_ft_diagnostic_broadcaster/environment/library_path.sh
[3.766s] -- Symlinking: /home/a-tamby/experiment_grinding_nose/sensors_experiment/install/net_ft_diagnostic_broadcaster/share/net_ft_diagnostic_broadcaster/environment/library_path.dsv
[3.772s] -- Symlinking: /home/a-tamby/experiment_grinding_nose/sensors_experiment/install/net_ft_diagnostic_broadcaster/share/ament_index/resource_index/package_run_dependencies/net_ft_diagnostic_broadcaster
[3.776s] -- Symlinking: /home/a-tamby/experiment_grinding_nose/sensors_experiment/install/net_ft_diagnostic_broadcaster/share/ament_index/resource_index/parent_prefix_path/net_ft_diagnostic_broadcaster
[3.782s] -- Symlinking: /home/a-tamby/experiment_grinding_nose/sensors_experiment/install/net_ft_diagnostic_broadcaster/share/net_ft_diagnostic_broadcaster/environment/ament_prefix_path.sh
[3.789s] -- Symlinking: /home/a-tamby/experiment_grinding_nose/sensors_experiment/install/net_ft_diagnostic_broadcaster/share/net_ft_diagnostic_broadcaster/environment/ament_prefix_path.dsv
[3.794s] -- Symlinking: /home/a-tamby/experiment_grinding_nose/sensors_experiment/install/net_ft_diagnostic_broadcaster/share/net_ft_diagnostic_broadcaster/environment/path.sh
[3.799s] -- Symlinking: /home/a-tamby/experiment_grinding_nose/sensors_experiment/install/net_ft_diagnostic_broadcaster/share/net_ft_diagnostic_broadcaster/environment/path.dsv
[3.805s] -- Symlinking: /home/a-tamby/experiment_grinding_nose/sensors_experiment/install/net_ft_diagnostic_broadcaster/share/net_ft_diagnostic_broadcaster/local_setup.bash
[3.809s] -- Symlinking: /home/a-tamby/experiment_grinding_nose/sensors_experiment/install/net_ft_diagnostic_broadcaster/share/net_ft_diagnostic_broadcaster/local_setup.sh
[3.815s] -- Symlinking: /home/a-tamby/experiment_grinding_nose/sensors_experiment/install/net_ft_diagnostic_broadcaster/share/net_ft_diagnostic_broadcaster/local_setup.zsh
[3.821s] -- Symlinking: /home/a-tamby/experiment_grinding_nose/sensors_experiment/install/net_ft_diagnostic_broadcaster/share/net_ft_diagnostic_broadcaster/local_setup.dsv
[3.826s] -- Symlinking: /home/a-tamby/experiment_grinding_nose/sensors_experiment/install/net_ft_diagnostic_broadcaster/share/net_ft_diagnostic_broadcaster/package.dsv
[3.831s] -- Symlinking: /home/a-tamby/experiment_grinding_nose/sensors_experiment/install/net_ft_diagnostic_broadcaster/share/ament_index/resource_index/packages/net_ft_diagnostic_broadcaster
[3.836s] -- Symlinking: /home/a-tamby/experiment_grinding_nose/sensors_experiment/install/net_ft_diagnostic_broadcaster/share/ament_index/resource_index/controller_interface__pluginlib__plugin/net_ft_diagnostic_broadcaster
[3.841s] -- Symlinking: /home/a-tamby/experiment_grinding_nose/sensors_experiment/install/net_ft_diagnostic_broadcaster/share/net_ft_diagnostic_broadcaster/cmake/ament_cmake_export_dependencies-extras.cmake
[3.846s] -- Symlinking: /home/a-tamby/experiment_grinding_nose/sensors_experiment/install/net_ft_diagnostic_broadcaster/share/net_ft_diagnostic_broadcaster/cmake/ament_cmake_export_include_directories-extras.cmake
[3.851s] -- Symlinking: /home/a-tamby/experiment_grinding_nose/sensors_experiment/install/net_ft_diagnostic_broadcaster/share/net_ft_diagnostic_broadcaster/cmake/ament_cmake_export_libraries-extras.cmake
[3.857s] -- Symlinking: /home/a-tamby/experiment_grinding_nose/sensors_experiment/install/net_ft_diagnostic_broadcaster/share/net_ft_diagnostic_broadcaster/cmake/net_ft_diagnostic_broadcasterConfig.cmake
[3.861s] -- Symlinking: /home/a-tamby/experiment_grinding_nose/sensors_experiment/install/net_ft_diagnostic_broadcaster/share/net_ft_diagnostic_broadcaster/cmake/net_ft_diagnostic_broadcasterConfig-version.cmake
[3.867s] -- Symlinking: /home/a-tamby/experiment_grinding_nose/sensors_experiment/install/net_ft_diagnostic_broadcaster/share/net_ft_diagnostic_broadcaster/package.xml
[3.873s] Invoked command in '/home/a-tamby/experiment_grinding_nose/sensors_experiment/build/net_ft_diagnostic_broadcaster' returned '0': CMAKE_PREFIX_PATH=/opt/ros/humble /usr/bin/cmake --install /home/a-tamby/experiment_grinding_nose/sensors_experiment/build/net_ft_diagnostic_broadcaster
